******************************************************************************
                  TI ARM Linker PC v20.2.7                     
******************************************************************************
>> Linked Wed May 31 21:09:50 2023

OUTPUT FILE NAME:   <ed2_proyecto3_tiva.out>
ENTRY POINT SYMBOL: "_c_int00_noargs"  address: 00000c71


MEMORY CONFIGURATION

         name            origin    length      used     unused   attr    fill
----------------------  --------  ---------  --------  --------  ----  --------
  FLASH                 00000000   00040000  00000f88  0003f078  R  X
  SRAM                  20000000   00008000  00000215  00007deb  RW X


SEGMENT ALLOCATION MAP

run origin  load origin   length   init length attrs members
----------  ----------- ---------- ----------- ----- -------
00000000    00000000    00000f8c   00000f8c    r-x
  00000000    00000000    0000026c   0000026c    r-- .intvecs
  0000026c    0000026c    00000c04   00000c04    r-x .text
  00000e70    00000e70    000000fc   000000fc    r-- .const
  00000f70    00000f70    0000001c   0000001c    r-- .cinit
20000000    20000000    00000215   00000000    rw-
  20000000    20000000    00000200   00000000    rw- .stack
  20000200    20000200    00000015   00000000    rw- .data


SECTION ALLOCATION MAP

 output                                  attributes/
section   page    origin      length       input sections
--------  ----  ----------  ----------   ----------------
.intvecs   0    00000000    0000026c     
                  00000000    0000026c     tm4c123gh6pm_startup_ccs.obj (.intvecs)

.text      0    0000026c    00000c04     
                  0000026c    00000394     main.obj (.text)
                  00000600    00000132     driverlib.lib : gpio.obj (.text:GPIOPadConfigSet)
                  00000732    00000002     --HOLE-- [fill = 0]
                  00000734    00000110                   : sysctl.obj (.text:SysCtlClockGet)
                  00000844    000000f4                   : sysctl.obj (.text:SysCtlClockSet)
                  00000938    0000009c     rtsv7M4_T_le_v4SPD16_eabi.lib : memcpy_t2.asm.obj (.text)
                  000009d4    0000007a     driverlib.lib : adc.obj (.text:ADCSequenceStepConfigure)
                  00000a4e    00000068     rtsv7M4_T_le_v4SPD16_eabi.lib : copy_decompress_lzss.c.obj (.text:decompress:lzss:__TI_decompress_lzss)
                  00000ab6    00000002     --HOLE-- [fill = 0]
                  00000ab8    00000060     driverlib.lib : timer.obj (.text:TimerConfigure)
                  00000b18    00000050                   : adc.obj (.text:ADCSequenceConfigure)
                  00000b68    00000048                   : gpio.obj (.text:GPIOPinConfigure)
                  00000bb0    00000046                   : uart.obj (.text:UARTConfigSetExpClk)
                  00000bf6    00000002     --HOLE-- [fill = 0]
                  00000bf8    00000044     rtsv7M4_T_le_v4SPD16_eabi.lib : autoinit.c.obj (.text:__TI_auto_init_nobinit_nopinit:__TI_auto_init_nobinit_nopinit)
                  00000c3c    00000034     driverlib.lib : sysctl.obj (.text:SysCtlPeripheralEnable)
                  00000c70    00000034     rtsv7M4_T_le_v4SPD16_eabi.lib : boot_cortex_m.c.obj (.text:_c_int00_noargs:_c_int00_noargs)
                  00000ca4    0000002e     driverlib.lib : adc.obj (.text:ADCIntStatus)
                  00000cd2    0000002a                   : gpio.obj (.text:GPIODirModeSet)
                  00000cfc    00000020                   : uart.obj (.text:UARTDisable)
                  00000d1c    0000001e                   : adc.obj (.text:ADCSequenceDataGet)
                  00000d3a    00000018                   : adc.obj (.text:ADCProcessorTrigger)
                  00000d52    00000018                   : gpio.obj (.text:GPIOPinTypeGPIOOutput)
                  00000d6a    00000014                   : uart.obj (.text:UARTEnable)
                  00000d7e    00000012                   : gpio.obj (.text:GPIOPinTypeADC)
                  00000d90    00000012                   : gpio.obj (.text:GPIOPinTypeGPIOInput)
                  00000da2    00000012                   : gpio.obj (.text:GPIOPinTypeUART)
                  00000db4    00000012                   : timer.obj (.text:TimerLoadSet)
                  00000dc6    00000010                   : interrupt.obj (.text:IntMasterDisable)
                  00000dd6    0000000e                   : adc.obj (.text:ADCSequenceDisable)
                  00000de4    0000000e                   : adc.obj (.text:ADCSequenceEnable)
                  00000df2    0000000e                   : timer.obj (.text:TimerEnable)
                  00000e00    0000000e     rtsv7M4_T_le_v4SPD16_eabi.lib : copy_decompress_none.c.obj (.text:decompress:none:__TI_decompress_none)
                  00000e0e    0000000c     driverlib.lib : cpu.obj (.text:CPUcpsid)
                  00000e1a    0000000c     tm4c123gh6pm_startup_ccs.obj (.text)
                  00000e26    0000000a     driverlib.lib : adc.obj (.text:ADCIntClear)
                  00000e30    0000000a                   : timer.obj (.text:TimerIntStatus)
                  00000e3a    0000000a                   : uart.obj (.text:UARTCharPut)
                  00000e44    00000008                   : timer.obj (.text:TimerIntEnable)
                  00000e4c    00000006                   : gpio.obj (.text:GPIOPinRead)
                  00000e52    00000006                   : gpio.obj (.text:GPIOPinWrite)
                  00000e58    00000006                   : sysctl.obj (.text:SysCtlDelay)
                  00000e5e    00000006                   : uart.obj (.text:UARTClockSourceSet)
                  00000e64    00000004                   : timer.obj (.text:TimerIntClear)
                  00000e68    00000004     rtsv7M4_T_le_v4SPD16_eabi.lib : pre_init.c.obj (.text:_system_pre_init)
                  00000e6c    00000004                                   : exit.c.obj (.text:abort:abort)

.const     0    00000e70    000000fc     
                  00000e70    00000090     driverlib.lib : gpio.obj (.const:g_pui32GPIOBaseAddrs)
                  00000f00    0000006c                   : sysctl.obj (.const:g_pui32Xtals)

.cinit     0    00000f70    0000001c     
                  00000f70    0000000b     (.cinit..data.load) [load image, compression = lzss]
                  00000f7b    00000001     --HOLE-- [fill = 0]
                  00000f7c    00000008     (__TI_handler_table)
                  00000f84    00000008     (__TI_cinit_table)

.init_array 
*          0    00000000    00000000     UNINITIALIZED

.data      0    20000200    00000015     UNINITIALIZED
                  20000200    00000015     main.obj (.data)

.stack     0    20000000    00000200     UNINITIALIZED
                  20000000    00000004     rtsv7M4_T_le_v4SPD16_eabi.lib : boot_cortex_m.c.obj (.stack)
                  20000004    000001fc     --HOLE--

__llvm_prf_cnts 
*          0    20000000    00000000     UNINITIALIZED

MODULE SUMMARY

       Module                         code   ro data   rw data
       ------                         ----   -------   -------
    .\
       main.obj                       916    0         21     
       tm4c123gh6pm_startup_ccs.obj   12     620       0      
    +--+------------------------------+------+---------+---------+
       Total:                         928    620       21     
                                                              
    C:/ti/TivaWare_C_Series-2.1.4.178/driverlib/ccs/Debug/driverlib.lib
       sysctl.obj                     574    108       0      
       gpio.obj                       510    144       0      
       adc.obj                        340    0         0      
       timer.obj                      150    0         0      
       uart.obj                       138    0         0      
       interrupt.obj                  16     0         0      
       cpu.obj                        12     0         0      
    +--+------------------------------+------+---------+---------+
       Total:                         1740   252       0      
                                                              
    C:\ti\ccs1230\ccs\tools\compiler\ti-cgt-arm_20.2.7.LTS\lib\rtsv7M4_T_le_v4SPD16_eabi.lib
       memcpy_t2.asm.obj              156    0         0      
       copy_decompress_lzss.c.obj     104    0         0      
       autoinit.c.obj                 68     0         0      
       boot_cortex_m.c.obj            52     0         0      
       copy_decompress_none.c.obj     14     0         0      
       exit.c.obj                     4      0         0      
       pre_init.c.obj                 4      0         0      
    +--+------------------------------+------+---------+---------+
       Total:                         402    0         0      
                                                              
       Stack:                         0      0         512    
       Linker Generated:              0      27        0      
    +--+------------------------------+------+---------+---------+
       Grand Total:                   3070   899       533    


LINKER GENERATED COPY TABLES

__TI_cinit_table @ 00000f84 records: 1, size/record: 8, table size: 8
	.data: load addr=00000f70, load size=0000000b bytes, run addr=20000200, run size=00000015 bytes, compression=lzss


LINKER GENERATED HANDLER TABLE

__TI_handler_table @ 00000f7c records: 2, size/record: 4, table size: 8
	index: 0, handler: __TI_decompress_lzss
	index: 1, handler: __TI_decompress_none


GLOBAL SYMBOLS: SORTED ALPHABETICALLY BY Name 

address   name                          
-------   ----                          
00000275  ADC0IntHandler                
00000e27  ADCIntClear                   
00000ca5  ADCIntStatus                  
00000d3b  ADCProcessorTrigger           
00000b19  ADCSequenceConfigure          
00000d1d  ADCSequenceDataGet            
00000dd7  ADCSequenceDisable            
00000de5  ADCSequenceEnable             
000009d5  ADCSequenceStepConfigure      
00000e6d  C$$EXIT                       
00000e0f  CPUcpsid                      
00000cd3  GPIODirModeSet                
00000601  GPIOPadConfigSet              
00000b69  GPIOPinConfigure              
00000e4d  GPIOPinRead                   
00000d7f  GPIOPinTypeADC                
00000d91  GPIOPinTypeGPIOInput          
00000d53  GPIOPinTypeGPIOOutput         
00000da3  GPIOPinTypeUART               
00000e53  GPIOPinWrite                  
00000dc7  IntMasterDisable              
00000e1b  ResetISR                      
00000735  SysCtlClockGet                
00000845  SysCtlClockSet                
00000e59  SysCtlDelay                   
00000c3d  SysCtlPeripheralEnable        
0000026d  Timer0IntHandler              
00000ab9  TimerConfigure                
00000df3  TimerEnable                   
00000e65  TimerIntClear                 
00000e45  TimerIntEnable                
00000e31  TimerIntStatus                
00000db5  TimerLoadSet                  
00000e3b  UARTCharPut                   
00000e5f  UARTClockSourceSet            
00000bb1  UARTConfigSetExpClk           
00000cfd  UARTDisable                   
00000d6b  UARTEnable                    
00000271  UARTIntHandler                
20000200  __STACK_END                   
00000200  __STACK_SIZE                  
20000200  __STACK_TOP                   
00000f84  __TI_CINIT_Base               
00000f8c  __TI_CINIT_Limit              
00000f7c  __TI_Handler_Table_Base       
00000f84  __TI_Handler_Table_Limit      
00000bf9  __TI_auto_init_nobinit_nopinit
00000a4f  __TI_decompress_lzss          
00000e01  __TI_decompress_none          
ffffffff  __TI_pprof_out_hndl           
ffffffff  __TI_prof_data_size           
ffffffff  __TI_prof_data_start          
00000000  __TI_static_base__            
00000939  __aeabi_memcpy                
00000939  __aeabi_memcpy4               
00000939  __aeabi_memcpy8               
ffffffff  __binit__                     
ffffffff  __c_args__                    
UNDEFED   __mpu_init                    
20000000  __stack                       
20000000  __start___llvm_prf_cnts       
20000000  __stop___llvm_prf_cnts        
00000c71  _c_int00_noargs               
UNDEFED   _system_post_cinit            
00000e69  _system_pre_init              
00000e6d  abort                         
ffffffff  binit                         
00000000  g_pfnVectors                  
0000031d  main                          
00000939  memcpy                        
20000210  oscuroMin                     
20000214  parqueosOcupados              
00000279  readADC                       
20000200  valor1                        
20000204  valor2                        
20000208  valor3                        
2000020c  valor4                        


GLOBAL SYMBOLS: SORTED BY Symbol Address 

address   name                          
-------   ----                          
00000000  __TI_static_base__            
00000000  g_pfnVectors                  
00000200  __STACK_SIZE                  
0000026d  Timer0IntHandler              
00000271  UARTIntHandler                
00000275  ADC0IntHandler                
00000279  readADC                       
0000031d  main                          
00000601  GPIOPadConfigSet              
00000735  SysCtlClockGet                
00000845  SysCtlClockSet                
00000939  __aeabi_memcpy                
00000939  __aeabi_memcpy4               
00000939  __aeabi_memcpy8               
00000939  memcpy                        
000009d5  ADCSequenceStepConfigure      
00000a4f  __TI_decompress_lzss          
00000ab9  TimerConfigure                
00000b19  ADCSequenceConfigure          
00000b69  GPIOPinConfigure              
00000bb1  UARTConfigSetExpClk           
00000bf9  __TI_auto_init_nobinit_nopinit
00000c3d  SysCtlPeripheralEnable        
00000c71  _c_int00_noargs               
00000ca5  ADCIntStatus                  
00000cd3  GPIODirModeSet                
00000cfd  UARTDisable                   
00000d1d  ADCSequenceDataGet            
00000d3b  ADCProcessorTrigger           
00000d53  GPIOPinTypeGPIOOutput         
00000d6b  UARTEnable                    
00000d7f  GPIOPinTypeADC                
00000d91  GPIOPinTypeGPIOInput          
00000da3  GPIOPinTypeUART               
00000db5  TimerLoadSet                  
00000dc7  IntMasterDisable              
00000dd7  ADCSequenceDisable            
00000de5  ADCSequenceEnable             
00000df3  TimerEnable                   
00000e01  __TI_decompress_none          
00000e0f  CPUcpsid                      
00000e1b  ResetISR                      
00000e27  ADCIntClear                   
00000e31  TimerIntStatus                
00000e3b  UARTCharPut                   
00000e45  TimerIntEnable                
00000e4d  GPIOPinRead                   
00000e53  GPIOPinWrite                  
00000e59  SysCtlDelay                   
00000e5f  UARTClockSourceSet            
00000e65  TimerIntClear                 
00000e69  _system_pre_init              
00000e6d  C$$EXIT                       
00000e6d  abort                         
00000f7c  __TI_Handler_Table_Base       
00000f84  __TI_CINIT_Base               
00000f84  __TI_Handler_Table_Limit      
00000f8c  __TI_CINIT_Limit              
20000000  __stack                       
20000000  __start___llvm_prf_cnts       
20000000  __stop___llvm_prf_cnts        
20000200  __STACK_END                   
20000200  __STACK_TOP                   
20000200  valor1                        
20000204  valor2                        
20000208  valor3                        
2000020c  valor4                        
20000210  oscuroMin                     
20000214  parqueosOcupados              
ffffffff  __TI_pprof_out_hndl           
ffffffff  __TI_prof_data_size           
ffffffff  __TI_prof_data_start          
ffffffff  __binit__                     
ffffffff  __c_args__                    
ffffffff  binit                         
UNDEFED   __mpu_init                    
UNDEFED   _system_post_cinit            

[77 symbols]
