******************************************************************************
                  TI ARM Linker PC v20.2.7                     
******************************************************************************
>> Linked Thu Jun  1 14:54:47 2023

OUTPUT FILE NAME:   <ed2_proyecto3_tiva.out>
ENTRY POINT SYMBOL: "_c_int00_noargs"  address: 00000cc1


MEMORY CONFIGURATION

         name            origin    length      used     unused   attr    fill
----------------------  --------  ---------  --------  --------  ----  --------
  FLASH                 00000000   00040000  00000fe8  0003f018  R  X
  SRAM                  20000000   00008000  00000221  00007ddf  RW X


SEGMENT ALLOCATION MAP

run origin  load origin   length   init length attrs members
----------  ----------- ---------- ----------- ----- -------
00000000    00000000    00000fec   00000fec    r-x
  00000000    00000000    0000026c   0000026c    r-- .intvecs
  0000026c    0000026c    00000c54   00000c54    r-x .text
  00000ec0    00000ec0    000000fc   000000fc    r-- .const
  00000fc0    00000fc0    0000002c   0000002c    r-- .cinit
20000000    20000000    00000221   00000000    rw-
  20000000    20000000    00000200   00000000    rw- .stack
  20000200    20000200    00000021   00000000    rw- .data


SECTION ALLOCATION MAP

 output                                  attributes/
section   page    origin      length       input sections
--------  ----  ----------  ----------   ----------------
.intvecs   0    00000000    0000026c     
                  00000000    0000026c     tm4c123gh6pm_startup_ccs.obj (.intvecs)

.text      0    0000026c    00000c54     
                  0000026c    000003e4     main.obj (.text)
                  00000650    00000132     driverlib.lib : gpio.obj (.text:GPIOPadConfigSet)
                  00000782    00000002     --HOLE-- [fill = 0]
                  00000784    00000110                   : sysctl.obj (.text:SysCtlClockGet)
                  00000894    000000f4                   : sysctl.obj (.text:SysCtlClockSet)
                  00000988    0000009c     rtsv7M4_T_le_v4SPD16_eabi.lib : memcpy_t2.asm.obj (.text)
                  00000a24    0000007a     driverlib.lib : adc.obj (.text:ADCSequenceStepConfigure)
                  00000a9e    00000068     rtsv7M4_T_le_v4SPD16_eabi.lib : copy_decompress_lzss.c.obj (.text:decompress:lzss:__TI_decompress_lzss)
                  00000b06    00000002     --HOLE-- [fill = 0]
                  00000b08    00000060     driverlib.lib : timer.obj (.text:TimerConfigure)
                  00000b68    00000050                   : adc.obj (.text:ADCSequenceConfigure)
                  00000bb8    00000048                   : gpio.obj (.text:GPIOPinConfigure)
                  00000c00    00000046                   : uart.obj (.text:UARTConfigSetExpClk)
                  00000c46    00000002     --HOLE-- [fill = 0]
                  00000c48    00000044     rtsv7M4_T_le_v4SPD16_eabi.lib : autoinit.c.obj (.text:__TI_auto_init_nobinit_nopinit:__TI_auto_init_nobinit_nopinit)
                  00000c8c    00000034     driverlib.lib : sysctl.obj (.text:SysCtlPeripheralEnable)
                  00000cc0    00000034     rtsv7M4_T_le_v4SPD16_eabi.lib : boot_cortex_m.c.obj (.text:_c_int00_noargs:_c_int00_noargs)
                  00000cf4    0000002e     driverlib.lib : adc.obj (.text:ADCIntStatus)
                  00000d22    0000002a                   : gpio.obj (.text:GPIODirModeSet)
                  00000d4c    00000020                   : uart.obj (.text:UARTDisable)
                  00000d6c    0000001e                   : adc.obj (.text:ADCSequenceDataGet)
                  00000d8a    00000018                   : adc.obj (.text:ADCProcessorTrigger)
                  00000da2    00000018                   : gpio.obj (.text:GPIOPinTypeGPIOOutput)
                  00000dba    00000014                   : uart.obj (.text:UARTEnable)
                  00000dce    00000012                   : gpio.obj (.text:GPIOPinTypeADC)
                  00000de0    00000012                   : gpio.obj (.text:GPIOPinTypeGPIOInput)
                  00000df2    00000012                   : gpio.obj (.text:GPIOPinTypeUART)
                  00000e04    00000012                   : timer.obj (.text:TimerLoadSet)
                  00000e16    00000010                   : interrupt.obj (.text:IntMasterDisable)
                  00000e26    0000000e                   : adc.obj (.text:ADCSequenceDisable)
                  00000e34    0000000e                   : adc.obj (.text:ADCSequenceEnable)
                  00000e42    0000000e                   : timer.obj (.text:TimerEnable)
                  00000e50    0000000e     rtsv7M4_T_le_v4SPD16_eabi.lib : copy_decompress_none.c.obj (.text:decompress:none:__TI_decompress_none)
                  00000e5e    0000000c     driverlib.lib : cpu.obj (.text:CPUcpsid)
                  00000e6a    0000000c     tm4c123gh6pm_startup_ccs.obj (.text)
                  00000e76    0000000a     driverlib.lib : adc.obj (.text:ADCIntClear)
                  00000e80    0000000a                   : timer.obj (.text:TimerIntStatus)
                  00000e8a    0000000a                   : uart.obj (.text:UARTCharPut)
                  00000e94    00000008                   : timer.obj (.text:TimerIntEnable)
                  00000e9c    00000006                   : gpio.obj (.text:GPIOPinRead)
                  00000ea2    00000006                   : gpio.obj (.text:GPIOPinWrite)
                  00000ea8    00000006                   : sysctl.obj (.text:SysCtlDelay)
                  00000eae    00000006                   : uart.obj (.text:UARTClockSourceSet)
                  00000eb4    00000004                   : timer.obj (.text:TimerIntClear)
                  00000eb8    00000004     rtsv7M4_T_le_v4SPD16_eabi.lib : pre_init.c.obj (.text:_system_pre_init)
                  00000ebc    00000004                                   : exit.c.obj (.text:abort:abort)

.const     0    00000ec0    000000fc     
                  00000ec0    00000090     driverlib.lib : gpio.obj (.const:g_pui32GPIOBaseAddrs)
                  00000f50    0000006c                   : sysctl.obj (.const:g_pui32Xtals)

.cinit     0    00000fc0    0000002c     
                  00000fc0    00000019     (.cinit..data.load) [load image, compression = lzss]
                  00000fd9    00000003     --HOLE-- [fill = 0]
                  00000fdc    00000008     (__TI_handler_table)
                  00000fe4    00000008     (__TI_cinit_table)

.init_array 
*          0    00000000    00000000     UNINITIALIZED

.data      0    20000200    00000021     UNINITIALIZED
                  20000200    00000021     main.obj (.data)

.stack     0    20000000    00000200     UNINITIALIZED
                  20000000    00000004     rtsv7M4_T_le_v4SPD16_eabi.lib : boot_cortex_m.c.obj (.stack)
                  20000004    000001fc     --HOLE--

__llvm_prf_cnts 
*          0    20000000    00000000     UNINITIALIZED

MODULE SUMMARY

       Module                         code   ro data   rw data
       ------                         ----   -------   -------
    .\
       main.obj                       996    0         33     
       tm4c123gh6pm_startup_ccs.obj   12     620       0      
    +--+------------------------------+------+---------+---------+
       Total:                         1008   620       33     
                                                              
    C:/ti/TivaWare_C_Series-2.1.4.178/driverlib/ccs/Debug/driverlib.lib
       sysctl.obj                     574    108       0      
       gpio.obj                       510    144       0      
       adc.obj                        340    0         0      
       timer.obj                      150    0         0      
       uart.obj                       138    0         0      
       interrupt.obj                  16     0         0      
       cpu.obj                        12     0         0      
    +--+------------------------------+------+---------+---------+
       Total:                         1740   252       0      
                                                              
    C:\ti\ccs1230\ccs\tools\compiler\ti-cgt-arm_20.2.7.LTS\lib\rtsv7M4_T_le_v4SPD16_eabi.lib
       memcpy_t2.asm.obj              156    0         0      
       copy_decompress_lzss.c.obj     104    0         0      
       autoinit.c.obj                 68     0         0      
       boot_cortex_m.c.obj            52     0         0      
       copy_decompress_none.c.obj     14     0         0      
       exit.c.obj                     4      0         0      
       pre_init.c.obj                 4      0         0      
    +--+------------------------------+------+---------+---------+
       Total:                         402    0         0      
                                                              
       Stack:                         0      0         512    
       Linker Generated:              0      41        0      
    +--+------------------------------+------+---------+---------+
       Grand Total:                   3150   913       545    


LINKER GENERATED COPY TABLES

__TI_cinit_table @ 00000fe4 records: 1, size/record: 8, table size: 8
	.data: load addr=00000fc0, load size=00000019 bytes, run addr=20000200, run size=00000021 bytes, compression=lzss


LINKER GENERATED HANDLER TABLE

__TI_handler_table @ 00000fdc records: 2, size/record: 4, table size: 8
	index: 0, handler: __TI_decompress_lzss
	index: 1, handler: __TI_decompress_none


GLOBAL SYMBOLS: SORTED ALPHABETICALLY BY Name 

address   name                          
-------   ----                          
00000275  ADC0IntHandler                
00000e77  ADCIntClear                   
00000cf5  ADCIntStatus                  
00000d8b  ADCProcessorTrigger           
00000b69  ADCSequenceConfigure          
00000d6d  ADCSequenceDataGet            
00000e27  ADCSequenceDisable            
00000e35  ADCSequenceEnable             
00000a25  ADCSequenceStepConfigure      
00000ebd  C$$EXIT                       
00000e5f  CPUcpsid                      
00000d23  GPIODirModeSet                
00000651  GPIOPadConfigSet              
00000bb9  GPIOPinConfigure              
00000e9d  GPIOPinRead                   
00000dcf  GPIOPinTypeADC                
00000de1  GPIOPinTypeGPIOInput          
00000da3  GPIOPinTypeGPIOOutput         
00000df3  GPIOPinTypeUART               
00000ea3  GPIOPinWrite                  
00000e17  IntMasterDisable              
00000e6b  ResetISR                      
00000785  SysCtlClockGet                
00000895  SysCtlClockSet                
00000ea9  SysCtlDelay                   
00000c8d  SysCtlPeripheralEnable        
0000026d  Timer0IntHandler              
00000b09  TimerConfigure                
00000e43  TimerEnable                   
00000eb5  TimerIntClear                 
00000e95  TimerIntEnable                
00000e81  TimerIntStatus                
00000e05  TimerLoadSet                  
00000e8b  UARTCharPut                   
00000eaf  UARTClockSourceSet            
00000c01  UARTConfigSetExpClk           
00000d4d  UARTDisable                   
00000dbb  UARTEnable                    
00000271  UARTIntHandler                
20000200  __STACK_END                   
00000200  __STACK_SIZE                  
20000200  __STACK_TOP                   
00000fe4  __TI_CINIT_Base               
00000fec  __TI_CINIT_Limit              
00000fdc  __TI_Handler_Table_Base       
00000fe4  __TI_Handler_Table_Limit      
00000c49  __TI_auto_init_nobinit_nopinit
00000a9f  __TI_decompress_lzss          
00000e51  __TI_decompress_none          
ffffffff  __TI_pprof_out_hndl           
ffffffff  __TI_prof_data_size           
ffffffff  __TI_prof_data_start          
00000000  __TI_static_base__            
00000989  __aeabi_memcpy                
00000989  __aeabi_memcpy4               
00000989  __aeabi_memcpy8               
ffffffff  __binit__                     
ffffffff  __c_args__                    
UNDEFED   __mpu_init                    
20000000  __stack                       
20000000  __start___llvm_prf_cnts       
20000000  __stop___llvm_prf_cnts        
00000cc1  _c_int00_noargs               
UNDEFED   _system_post_cinit            
00000eb9  _system_pre_init              
00000ebd  abort                         
ffffffff  binit                         
00000000  g_pfnVectors                  
0000031d  main                          
00000989  memcpy                        
20000210  oscuroMin1                    
20000214  oscuroMin2                    
20000218  oscuroMin3                    
2000021c  oscuroMin4                    
20000220  parqueosOcupados              
00000279  readADC                       
20000200  valor1                        
20000204  valor2                        
20000208  valor3                        
2000020c  valor4                        


GLOBAL SYMBOLS: SORTED BY Symbol Address 

address   name                          
-------   ----                          
00000000  __TI_static_base__            
00000000  g_pfnVectors                  
00000200  __STACK_SIZE                  
0000026d  Timer0IntHandler              
00000271  UARTIntHandler                
00000275  ADC0IntHandler                
00000279  readADC                       
0000031d  main                          
00000651  GPIOPadConfigSet              
00000785  SysCtlClockGet                
00000895  SysCtlClockSet                
00000989  __aeabi_memcpy                
00000989  __aeabi_memcpy4               
00000989  __aeabi_memcpy8               
00000989  memcpy                        
00000a25  ADCSequenceStepConfigure      
00000a9f  __TI_decompress_lzss          
00000b09  TimerConfigure                
00000b69  ADCSequenceConfigure          
00000bb9  GPIOPinConfigure              
00000c01  UARTConfigSetExpClk           
00000c49  __TI_auto_init_nobinit_nopinit
00000c8d  SysCtlPeripheralEnable        
00000cc1  _c_int00_noargs               
00000cf5  ADCIntStatus                  
00000d23  GPIODirModeSet                
00000d4d  UARTDisable                   
00000d6d  ADCSequenceDataGet            
00000d8b  ADCProcessorTrigger           
00000da3  GPIOPinTypeGPIOOutput         
00000dbb  UARTEnable                    
00000dcf  GPIOPinTypeADC                
00000de1  GPIOPinTypeGPIOInput          
00000df3  GPIOPinTypeUART               
00000e05  TimerLoadSet                  
00000e17  IntMasterDisable              
00000e27  ADCSequenceDisable            
00000e35  ADCSequenceEnable             
00000e43  TimerEnable                   
00000e51  __TI_decompress_none          
00000e5f  CPUcpsid                      
00000e6b  ResetISR                      
00000e77  ADCIntClear                   
00000e81  TimerIntStatus                
00000e8b  UARTCharPut                   
00000e95  TimerIntEnable                
00000e9d  GPIOPinRead                   
00000ea3  GPIOPinWrite                  
00000ea9  SysCtlDelay                   
00000eaf  UARTClockSourceSet            
00000eb5  TimerIntClear                 
00000eb9  _system_pre_init              
00000ebd  C$$EXIT                       
00000ebd  abort                         
00000fdc  __TI_Handler_Table_Base       
00000fe4  __TI_CINIT_Base               
00000fe4  __TI_Handler_Table_Limit      
00000fec  __TI_CINIT_Limit              
20000000  __stack                       
20000000  __start___llvm_prf_cnts       
20000000  __stop___llvm_prf_cnts        
20000200  __STACK_END                   
20000200  __STACK_TOP                   
20000200  valor1                        
20000204  valor2                        
20000208  valor3                        
2000020c  valor4                        
20000210  oscuroMin1                    
20000214  oscuroMin2                    
20000218  oscuroMin3                    
2000021c  oscuroMin4                    
20000220  parqueosOcupados              
ffffffff  __TI_pprof_out_hndl           
ffffffff  __TI_prof_data_size           
ffffffff  __TI_prof_data_start          
ffffffff  __binit__                     
ffffffff  __c_args__                    
ffffffff  binit                         
UNDEFED   __mpu_init                    
UNDEFED   _system_post_cinit            

[80 symbols]
